[dotenv@17.3.1] injecting env (2) from .env -- tip: ΓÜí∩╕Å secrets for agents: https://dotenvx.com/as2
Using API Key: AQ.Ab8RN6I...
Sending simple prompt to Gemini...
node : Gemini Error: 
[GoogleGenerativeAI 
Error]: Error fetching 
from https://generativelan
guage.googleapis.com/v1bet
a/models/gemini-1.5-flash:
generateContent: [404 Not 
Found] 
models/gemini-1.5-flash 
is not found for API 
version v1beta, or is not 
supported for 
generateContent. Call 
ListModels to see the 
list of available models 
and their supported 
methods.
At line:1 char:1
+ node test_gemini.js > 
test_output.txt 2>&1
+ ~~~~~~~~~~~~~~~~~~~~~~~~
~~~~~~~~~~~~~~~~~~
    + CategoryInfo        
      : NotSpecified: (G  
  emini Error: [...port   
 ed methods.:String) [    
], RemoteException
    + FullyQualifiedError 
   Id : NativeCommandErr  
  or
 
